// Jest Snapshot v1, https://goo.gl/fbAQLP

exports[`renders homepage unchanged 1`] = `
<div>
  <div
    class="container"
  >
    <main>
      <h1
        class="title"
      >
        Guess My Breed
      </h1>
      <p
        class="description"
      >
        Can you guess what my breed is?
      </p>
      <div
        class="grid"
      >
        <div
          class="flex items-center space-x-4"
        >
          <div
            class="w-1/2"
          />
          <div
            class="w-1/2"
          >
            <div>
              <form
                class="space-y-4"
              >
                <label
                  class="block"
                >
                  <span
                    class="text-gray-700"
                  >
                    Guess the breed:
                  </span>
                  <input
                    class="mt-1 block w-full rounded-md border-gray-300 shadow-sm focus:border-indigo-300 focus:ring focus:ring-indigo-200 focus:ring-opacity-50"
                    name="guess"
                    type="text"
                    value=""
                  />
                </label>
                <button
                  class="inline-flex items-center px-4 py-2 border border-transparent text-base font-medium rounded-md shadow-sm text-white bg-indigo-600 hover:bg-indigo-700 focus:outline-none focus:ring-2 focus:ring-offset-2 focus:ring-indigo-500"
                  type="submit"
                >
                  Submit
                </button>
                <button
                  class="inline-block bg-gray-500 hover:bg-gray-700 text-white font-bold py-2 px-4 rounded ml-2"
                  type="button"
                >
                  Give Up
                </button>
              </form>
            </div>
          </div>
        </div>
      </div>
    </main>
    <footer
      class="bg-gray-200 py-4 px-8 flex items-center justify-center fixed bottom-0 w-full"
    >
      <a
        href="https://github.com/huytran-wq"
        rel="noopener noreferrer"
        target="_blank"
      >
        <span
          class="logo"
        >
          <img
            alt="GitHub Logo"
            data-nimg="1"
            decoding="async"
            height="16"
            loading="lazy"
            src="/_next/image?url=%2Fgithub-logo.png&w=256&q=75"
            srcset="/_next/image?url=%2Fgithub-logo.png&w=96&q=75 1x, /_next/image?url=%2Fgithub-logo.png&w=256&q=75 2x"
            style="color: transparent;"
            width="72"
          />
        </span>
      </a>
    </footer>
  </div>
</div>
`;
